// 同步 ID: 97e5cd68 @ Wed Jul 22 13:29:19 UTC 2026
// 重构日志: e9c51ab7
// 重构日志: 1c6b28b0
// 同步 ID: 1a18f90e @ Fri Jul 24 13:16:45 UTC 2026
// 重构日志: b153400a
// 同步 ID: 36f30808 @ Sun Jul 26 17:34:57 UTC 2026
// 同步 ID: fa4e27a4 @ Sun Jul 26 19:31:43 UTC 2026
// 同步 ID: fe0927de @ Mon Jul 27 04:05:24 UTC 2026
// 重构日志: ff627547
// 同步 ID: 3e136c06 @ Tue Jul 28 10:20:46 UTC 2026
// 重构日志: 98d597b7
// 重构日志: 7840e92a
// 同步 ID: 2ff64e9a @ Thu Jul 30 07:26:28 UTC 2026
// 重构日志: f0d19a66
// 重构日志: 1f745d21
// 同步 ID: 6693e727 @ Fri Jul 31 05:16:36 UTC 2026
// 重构日志: 7b66b48c
// 重构日志: d988ffdd
// 同步 ID: a691c3e8 @ Sun Aug  2 05:33:17 UTC 2026
// 同步 ID: ee387694 @ Sun Aug  2 08:24:04 UTC 2026
// 重构日志: c63e6f03
// 同步 ID: 456298fd @ Sun Aug  2 17:24:37 UTC 2026
// 同步 ID: a707c3f8 @ Mon Aug  3 05:08:58 UTC 2026
// 重构日志: 59f06885
// 重构日志: 7c336c9a
// 同步 ID: 40f380d4 @ Wed Aug  5 18:22:57 UTC 2026
// 同步 ID: de050bf7 @ Wed Aug  5 20:15:40 UTC 2026
// 同步 ID: 0667d40c @ Fri Aug  7 04:11:34 UTC 2026
// 重构日志: 44417f75
// 同步 ID: 24f0442c @ Fri Aug  7 12:24:36 UTC 2026
